Time to insert: 836ms.
Time to insert: 627ms.
Mismatch :0
Time to read: 218 ms.
