350
Put/get 244 K operations per second
Starting test
Put/get 489 K operations per second
